/usr/bin/java  -classpath /home/devel/Documents/cheri_workspace/sfc_bench/ycsb-redis-binding-0.17.0/conf:/home/devel/Documents/cheri_workspace/sfc_bench/ycsb-redis-binding-0.17.0/lib/commons-pool2-2.4.2.jar:/home/devel/Documents/cheri_workspace/sfc_bench/ycsb-redis-binding-0.17.0/lib/core-0.17.0.jar:/home/devel/Documents/cheri_workspace/sfc_bench/ycsb-redis-binding-0.17.0/lib/HdrHistogram-2.1.4.jar:/home/devel/Documents/cheri_workspace/sfc_bench/ycsb-redis-binding-0.17.0/lib/htrace-core4-4.1.0-incubating.jar:/home/devel/Documents/cheri_workspace/sfc_bench/ycsb-redis-binding-0.17.0/lib/jackson-core-asl-1.9.4.jar:/home/devel/Documents/cheri_workspace/sfc_bench/ycsb-redis-binding-0.17.0/lib/jackson-mapper-asl-1.9.4.jar:/home/devel/Documents/cheri_workspace/sfc_bench/ycsb-redis-binding-0.17.0/lib/jedis-2.9.0.jar:/home/devel/Documents/cheri_workspace/sfc_bench/ycsb-redis-binding-0.17.0/lib/redis-binding-0.17.0.jar site.ycsb.Client -t -db site.ycsb.db.RedisClient -s -P workloads/workloadd -p redis.host=10.0.1.2 -p redis.port=6379 -p recordcount=50000 -p operationcount=100000 -threads 8
Command line: -t -db site.ycsb.db.RedisClient -s -P workloads/workloadd -p redis.host=10.0.1.2 -p redis.port=6379 -p recordcount=50000 -p operationcount=100000 -threads 8
YCSB Client 0.17.0

Loading workload...
Starting test.
DBWrapper: report latency for each error is false and specific error codes to track for latency are: []
DBWrapper: report latency for each error is false and specific error codes to track for latency are: []
DBWrapper: report latency for each error is false and specific error codes to track for latency are: []
DBWrapper: report latency for each error is false and specific error codes to track for latency are: []
DBWrapper: report latency for each error is false and specific error codes to track for latency are: []
DBWrapper: report latency for each error is false and specific error codes to track for latency are: []
DBWrapper: report latency for each error is false and specific error codes to track for latency are: []
DBWrapper: report latency for each error is false and specific error codes to track for latency are: []
2026-08-20 07:48:58:044 0 sec: 38 operations; ∞ current ops/sec; est completion in 0 second [READ: Count=80, Max=12911, Min=87, Avg=1538.03, 90=2879, 99=12551, 99.9=12911, 99.99=12911] 
2026-08-20 07:48:59:189 1 sec: 100000 operations; 83371.14 current ops/sec; [READ: Count=94896, Max=7519, Min=22, Avg=75.09, 90=102, 99=275, 99.9=2685, 99.99=3739] [CLEANUP: Count=8, Max=1128, Min=31, Avg=217.62, 90=211, 99=1128, 99.9=1128, 99.99=1128] [INSERT: Count=5024, Max=5291, Min=59, Avg=213.23, 90=302, 99=1763, 99.9=3319, 99.99=4187] 
[OVERALL], RunTime(ms), 1198
[OVERALL], Throughput(ops/sec), 83472.45409015025
[TOTAL_GCS_G1_Young_Generation], Count, 5
[TOTAL_GC_TIME_G1_Young_Generation], Time(ms), 10
[TOTAL_GC_TIME_%_G1_Young_Generation], Time(%), 0.8347245409015025
[TOTAL_GCS_G1_Concurrent_GC], Count, 0
[TOTAL_GC_TIME_G1_Concurrent_GC], Time(ms), 0
[TOTAL_GC_TIME_%_G1_Concurrent_GC], Time(%), 0.0
[TOTAL_GCS_G1_Old_Generation], Count, 0
[TOTAL_GC_TIME_G1_Old_Generation], Time(ms), 0
[TOTAL_GC_TIME_%_G1_Old_Generation], Time(%), 0.0
[TOTAL_GCs], Count, 5
[TOTAL_GC_TIME], Time(ms), 10
[TOTAL_GC_TIME_%], Time(%), 0.8347245409015025
[READ], Operations, 94976
[READ], AverageLatency(us), 76.320923180593
[READ], MinLatency(us), 22
[READ], MaxLatency(us), 12911
[READ], 95thPercentileLatency(us), 123
[READ], 99thPercentileLatency(us), 285
[READ], Return=OK, 94976
[CLEANUP], Operations, 8
[CLEANUP], AverageLatency(us), 217.625
[CLEANUP], MinLatency(us), 31
[CLEANUP], MaxLatency(us), 1128
[CLEANUP], 95thPercentileLatency(us), 1128
[CLEANUP], 99thPercentileLatency(us), 1128
[INSERT], Operations, 5024
[INSERT], AverageLatency(us), 213.2296974522293
[INSERT], MinLatency(us), 59
[INSERT], MaxLatency(us), 5291
[INSERT], 95thPercentileLatency(us), 478
[INSERT], 99thPercentileLatency(us), 1763
[INSERT], Return=OK, 5024
