/usr/bin/java  -classpath /home/devel/Documents/cheri_workspace/sfc_bench/ycsb-redis-binding-0.17.0/conf:/home/devel/Documents/cheri_workspace/sfc_bench/ycsb-redis-binding-0.17.0/lib/commons-pool2-2.4.2.jar:/home/devel/Documents/cheri_workspace/sfc_bench/ycsb-redis-binding-0.17.0/lib/core-0.17.0.jar:/home/devel/Documents/cheri_workspace/sfc_bench/ycsb-redis-binding-0.17.0/lib/HdrHistogram-2.1.4.jar:/home/devel/Documents/cheri_workspace/sfc_bench/ycsb-redis-binding-0.17.0/lib/htrace-core4-4.1.0-incubating.jar:/home/devel/Documents/cheri_workspace/sfc_bench/ycsb-redis-binding-0.17.0/lib/jackson-core-asl-1.9.4.jar:/home/devel/Documents/cheri_workspace/sfc_bench/ycsb-redis-binding-0.17.0/lib/jackson-mapper-asl-1.9.4.jar:/home/devel/Documents/cheri_workspace/sfc_bench/ycsb-redis-binding-0.17.0/lib/jedis-2.9.0.jar:/home/devel/Documents/cheri_workspace/sfc_bench/ycsb-redis-binding-0.17.0/lib/redis-binding-0.17.0.jar site.ycsb.Client -t -db site.ycsb.db.RedisClient -s -P workloads/workloada -p redis.host=10.0.1.2 -p redis.port=6379 -p recordcount=50000 -p operationcount=100000 -threads 8
Command line: -t -db site.ycsb.db.RedisClient -s -P workloads/workloada -p redis.host=10.0.1.2 -p redis.port=6379 -p recordcount=50000 -p operationcount=100000 -threads 8
YCSB Client 0.17.0

Loading workload...
Starting test.
DBWrapper: report latency for each error is false and specific error codes to track for latency are: []
DBWrapper: report latency for each error is false and specific error codes to track for latency are: []
DBWrapper: report latency for each error is false and specific error codes to track for latency are: []
DBWrapper: report latency for each error is false and specific error codes to track for latency are: []
DBWrapper: report latency for each error is false and specific error codes to track for latency are: []
DBWrapper: report latency for each error is false and specific error codes to track for latency are: []
DBWrapper: report latency for each error is false and specific error codes to track for latency are: []
DBWrapper: report latency for each error is false and specific error codes to track for latency are: []
2026-08-20 07:23:14:492 0 sec: 0 operations; est completion in 0 second 
2026-08-20 07:23:15:745 1 sec: 100000 operations; 77279.75 current ops/sec; [READ: Count=50116, Max=16055, Min=21, Avg=79.31, 90=123, 99=263, 99.9=2709, 99.99=9823] [CLEANUP: Count=8, Max=629, Min=74, Avg=162.75, 90=127, 99=629, 99.9=629, 99.99=629] [UPDATE: Count=49884, Max=11583, Min=19, Avg=86.38, 90=134, 99=424, 99.9=2665, 99.99=4671] 
[OVERALL], RunTime(ms), 1294
[OVERALL], Throughput(ops/sec), 77279.75270479135
[TOTAL_GCS_G1_Young_Generation], Count, 4
[TOTAL_GC_TIME_G1_Young_Generation], Time(ms), 10
[TOTAL_GC_TIME_%_G1_Young_Generation], Time(%), 0.7727975270479135
[TOTAL_GCS_G1_Concurrent_GC], Count, 0
[TOTAL_GC_TIME_G1_Concurrent_GC], Time(ms), 0
[TOTAL_GC_TIME_%_G1_Concurrent_GC], Time(%), 0.0
[TOTAL_GCS_G1_Old_Generation], Count, 0
[TOTAL_GC_TIME_G1_Old_Generation], Time(ms), 0
[TOTAL_GC_TIME_%_G1_Old_Generation], Time(%), 0.0
[TOTAL_GCs], Count, 4
[TOTAL_GC_TIME], Time(ms), 10
[TOTAL_GC_TIME_%], Time(%), 0.7727975270479135
[READ], Operations, 50116
[READ], AverageLatency(us), 79.31215579854737
[READ], MinLatency(us), 21
[READ], MaxLatency(us), 16055
[READ], 95thPercentileLatency(us), 148
[READ], 99thPercentileLatency(us), 263
[READ], Return=OK, 50116
[CLEANUP], Operations, 8
[CLEANUP], AverageLatency(us), 162.75
[CLEANUP], MinLatency(us), 74
[CLEANUP], MaxLatency(us), 629
[CLEANUP], 95thPercentileLatency(us), 629
[CLEANUP], 99thPercentileLatency(us), 629
[UPDATE], Operations, 49884
[UPDATE], AverageLatency(us), 86.3779167668992
[UPDATE], MinLatency(us), 19
[UPDATE], MaxLatency(us), 11583
[UPDATE], 95thPercentileLatency(us), 164
[UPDATE], 99thPercentileLatency(us), 424
[UPDATE], Return=OK, 49884
