/usr/bin/java  -classpath /home/devel/Documents/cheri_workspace/sfc_bench/ycsb-redis-binding-0.17.0/conf:/home/devel/Documents/cheri_workspace/sfc_bench/ycsb-redis-binding-0.17.0/lib/commons-pool2-2.4.2.jar:/home/devel/Documents/cheri_workspace/sfc_bench/ycsb-redis-binding-0.17.0/lib/core-0.17.0.jar:/home/devel/Documents/cheri_workspace/sfc_bench/ycsb-redis-binding-0.17.0/lib/HdrHistogram-2.1.4.jar:/home/devel/Documents/cheri_workspace/sfc_bench/ycsb-redis-binding-0.17.0/lib/htrace-core4-4.1.0-incubating.jar:/home/devel/Documents/cheri_workspace/sfc_bench/ycsb-redis-binding-0.17.0/lib/jackson-core-asl-1.9.4.jar:/home/devel/Documents/cheri_workspace/sfc_bench/ycsb-redis-binding-0.17.0/lib/jackson-mapper-asl-1.9.4.jar:/home/devel/Documents/cheri_workspace/sfc_bench/ycsb-redis-binding-0.17.0/lib/jedis-2.9.0.jar:/home/devel/Documents/cheri_workspace/sfc_bench/ycsb-redis-binding-0.17.0/lib/redis-binding-0.17.0.jar site.ycsb.Client -t -db site.ycsb.db.RedisClient -s -P workloads/workloadf -p redis.host=10.0.1.2 -p redis.port=6379 -p recordcount=50000 -p operationcount=100000 -threads 8
Command line: -t -db site.ycsb.db.RedisClient -s -P workloads/workloadf -p redis.host=10.0.1.2 -p redis.port=6379 -p recordcount=50000 -p operationcount=100000 -threads 8
YCSB Client 0.17.0

Loading workload...
Starting test.
DBWrapper: report latency for each error is false and specific error codes to track for latency are: []
DBWrapper: report latency for each error is false and specific error codes to track for latency are: []
DBWrapper: report latency for each error is false and specific error codes to track for latency are: []
DBWrapper: report latency for each error is false and specific error codes to track for latency are: []
DBWrapper: report latency for each error is false and specific error codes to track for latency are: []
DBWrapper: report latency for each error is false and specific error codes to track for latency are: []
DBWrapper: report latency for each error is false and specific error codes to track for latency are: []
DBWrapper: report latency for each error is false and specific error codes to track for latency are: []
2026-08-20 07:23:18:553 0 sec: 0 operations; est completion in 0 second 
2026-08-20 07:23:20:303 1 sec: 100000 operations; 55803.57 current ops/sec; [READ: Count=100000, Max=12047, Min=22, Avg=72.78, 90=122, 99=245, 99.9=2285, 99.99=7123] [READ-MODIFY-WRITE: Count=50028, Max=26799, Min=47, Avg=160.85, 90=258, 99=818, 99.9=3011, 99.99=22095] [CLEANUP: Count=8, Max=631, Min=66, Avg=147, 90=86, 99=631, 99.9=631, 99.99=631] [UPDATE: Count=50028, Max=7107, Min=19, Avg=80.99, 90=138, 99=346, 99.9=2593, 99.99=3565] 
[OVERALL], RunTime(ms), 1792
[OVERALL], Throughput(ops/sec), 55803.57142857143
[TOTAL_GCS_G1_Young_Generation], Count, 5
[TOTAL_GC_TIME_G1_Young_Generation], Time(ms), 13
[TOTAL_GC_TIME_%_G1_Young_Generation], Time(%), 0.7254464285714286
[TOTAL_GCS_G1_Concurrent_GC], Count, 0
[TOTAL_GC_TIME_G1_Concurrent_GC], Time(ms), 0
[TOTAL_GC_TIME_%_G1_Concurrent_GC], Time(%), 0.0
[TOTAL_GCS_G1_Old_Generation], Count, 0
[TOTAL_GC_TIME_G1_Old_Generation], Time(ms), 0
[TOTAL_GC_TIME_%_G1_Old_Generation], Time(%), 0.0
[TOTAL_GCs], Count, 5
[TOTAL_GC_TIME], Time(ms), 13
[TOTAL_GC_TIME_%], Time(%), 0.7254464285714286
[READ], Operations, 100000
[READ], AverageLatency(us), 72.77645
[READ], MinLatency(us), 22
[READ], MaxLatency(us), 12047
[READ], 95thPercentileLatency(us), 151
[READ], 99thPercentileLatency(us), 245
[READ], Return=OK, 100000
[READ-MODIFY-WRITE], Operations, 50028
[READ-MODIFY-WRITE], AverageLatency(us), 160.84848484848484
[READ-MODIFY-WRITE], MinLatency(us), 47
[READ-MODIFY-WRITE], MaxLatency(us), 26799
[READ-MODIFY-WRITE], 95thPercentileLatency(us), 308
[READ-MODIFY-WRITE], 99thPercentileLatency(us), 818
[CLEANUP], Operations, 8
[CLEANUP], AverageLatency(us), 147.0
[CLEANUP], MinLatency(us), 66
[CLEANUP], MaxLatency(us), 631
[CLEANUP], 95thPercentileLatency(us), 631
[CLEANUP], 99thPercentileLatency(us), 631
[UPDATE], Operations, 50028
[UPDATE], AverageLatency(us), 80.98746701846966
[UPDATE], MinLatency(us), 19
[UPDATE], MaxLatency(us), 7107
[UPDATE], 95thPercentileLatency(us), 174
[UPDATE], 99thPercentileLatency(us), 346
[UPDATE], Return=OK, 50028
