/usr/bin/java  -classpath /home/devel/Documents/cheri_workspace/sfc_bench/ycsb-redis-binding-0.17.0/conf:/home/devel/Documents/cheri_workspace/sfc_bench/ycsb-redis-binding-0.17.0/lib/commons-pool2-2.4.2.jar:/home/devel/Documents/cheri_workspace/sfc_bench/ycsb-redis-binding-0.17.0/lib/core-0.17.0.jar:/home/devel/Documents/cheri_workspace/sfc_bench/ycsb-redis-binding-0.17.0/lib/HdrHistogram-2.1.4.jar:/home/devel/Documents/cheri_workspace/sfc_bench/ycsb-redis-binding-0.17.0/lib/htrace-core4-4.1.0-incubating.jar:/home/devel/Documents/cheri_workspace/sfc_bench/ycsb-redis-binding-0.17.0/lib/jackson-core-asl-1.9.4.jar:/home/devel/Documents/cheri_workspace/sfc_bench/ycsb-redis-binding-0.17.0/lib/jackson-mapper-asl-1.9.4.jar:/home/devel/Documents/cheri_workspace/sfc_bench/ycsb-redis-binding-0.17.0/lib/jedis-2.9.0.jar:/home/devel/Documents/cheri_workspace/sfc_bench/ycsb-redis-binding-0.17.0/lib/redis-binding-0.17.0.jar site.ycsb.Client -load -db site.ycsb.db.RedisClient -s -P workloads/workloada -p redis.host=10.0.1.2 -p redis.port=6379 -p recordcount=50000 -threads 8
Command line: -load -db site.ycsb.db.RedisClient -s -P workloads/workloada -p redis.host=10.0.1.2 -p redis.port=6379 -p recordcount=50000 -threads 8
YCSB Client 0.17.0

Loading workload...
Starting test.
DBWrapper: report latency for each error is false and specific error codes to track for latency are: []
DBWrapper: report latency for each error is false and specific error codes to track for latency are: []
DBWrapper: report latency for each error is false and specific error codes to track for latency are: []
DBWrapper: report latency for each error is false and specific error codes to track for latency are: []
DBWrapper: report latency for each error is false and specific error codes to track for latency are: []
DBWrapper: report latency for each error is false and specific error codes to track for latency are: []
DBWrapper: report latency for each error is false and specific error codes to track for latency are: []
DBWrapper: report latency for each error is false and specific error codes to track for latency are: []
2026-08-20 07:23:13:084 0 sec: 12 operations; ∞ current ops/sec; est completion in 0 second [INSERT: Count=27, Max=8003, Min=311, Avg=2824.89, 90=6967, 99=8003, 99.9=8003, 99.99=8003] 
2026-08-20 07:23:14:274 1 sec: 50000 operations; 40443.37 current ops/sec; [CLEANUP: Count=8, Max=880, Min=32, Avg=150.25, 90=82, 99=880, 99.9=880, 99.99=880] [INSERT: Count=49973, Max=7899, Min=58, Avg=183.5, 90=222, 99=1047, 99.9=3075, 99.99=5727] 
[OVERALL], RunTime(ms), 1236
[OVERALL], Throughput(ops/sec), 40453.074433656955
[TOTAL_GCS_G1_Young_Generation], Count, 5
[TOTAL_GC_TIME_G1_Young_Generation], Time(ms), 8
[TOTAL_GC_TIME_%_G1_Young_Generation], Time(%), 0.6472491909385114
[TOTAL_GCS_G1_Concurrent_GC], Count, 0
[TOTAL_GC_TIME_G1_Concurrent_GC], Time(ms), 0
[TOTAL_GC_TIME_%_G1_Concurrent_GC], Time(%), 0.0
[TOTAL_GCS_G1_Old_Generation], Count, 0
[TOTAL_GC_TIME_G1_Old_Generation], Time(ms), 0
[TOTAL_GC_TIME_%_G1_Old_Generation], Time(%), 0.0
[TOTAL_GCs], Count, 5
[TOTAL_GC_TIME], Time(ms), 8
[TOTAL_GC_TIME_%], Time(%), 0.6472491909385114
[CLEANUP], Operations, 8
[CLEANUP], AverageLatency(us), 150.25
[CLEANUP], MinLatency(us), 32
[CLEANUP], MaxLatency(us), 880
[CLEANUP], 95thPercentileLatency(us), 880
[CLEANUP], 99thPercentileLatency(us), 880
[INSERT], Operations, 50000
[INSERT], AverageLatency(us), 184.9282
[INSERT], MinLatency(us), 58
[INSERT], MaxLatency(us), 8003
[INSERT], 95thPercentileLatency(us), 263
[INSERT], 99thPercentileLatency(us), 1126
[INSERT], Return=OK, 50000
