/usr/bin/java  -classpath /home/devel/Documents/cheri_workspace/sfc_bench/ycsb-redis-binding-0.17.0/conf:/home/devel/Documents/cheri_workspace/sfc_bench/ycsb-redis-binding-0.17.0/lib/commons-pool2-2.4.2.jar:/home/devel/Documents/cheri_workspace/sfc_bench/ycsb-redis-binding-0.17.0/lib/core-0.17.0.jar:/home/devel/Documents/cheri_workspace/sfc_bench/ycsb-redis-binding-0.17.0/lib/HdrHistogram-2.1.4.jar:/home/devel/Documents/cheri_workspace/sfc_bench/ycsb-redis-binding-0.17.0/lib/htrace-core4-4.1.0-incubating.jar:/home/devel/Documents/cheri_workspace/sfc_bench/ycsb-redis-binding-0.17.0/lib/jackson-core-asl-1.9.4.jar:/home/devel/Documents/cheri_workspace/sfc_bench/ycsb-redis-binding-0.17.0/lib/jackson-mapper-asl-1.9.4.jar:/home/devel/Documents/cheri_workspace/sfc_bench/ycsb-redis-binding-0.17.0/lib/jedis-2.9.0.jar:/home/devel/Documents/cheri_workspace/sfc_bench/ycsb-redis-binding-0.17.0/lib/redis-binding-0.17.0.jar site.ycsb.Client -t -db site.ycsb.db.RedisClient -s -P workloads/workloadf -p redis.host=10.0.1.2 -p redis.port=6379 -p recordcount=50000 -p operationcount=100000 -threads 8
Command line: -t -db site.ycsb.db.RedisClient -s -P workloads/workloadf -p redis.host=10.0.1.2 -p redis.port=6379 -p recordcount=50000 -p operationcount=100000 -threads 8
YCSB Client 0.17.0

Loading workload...
Starting test.
DBWrapper: report latency for each error is false and specific error codes to track for latency are: []
DBWrapper: report latency for each error is false and specific error codes to track for latency are: []
DBWrapper: report latency for each error is false and specific error codes to track for latency are: []
DBWrapper: report latency for each error is false and specific error codes to track for latency are: []
DBWrapper: report latency for each error is false and specific error codes to track for latency are: []
DBWrapper: report latency for each error is false and specific error codes to track for latency are: []
DBWrapper: report latency for each error is false and specific error codes to track for latency are: []
DBWrapper: report latency for each error is false and specific error codes to track for latency are: []
2026-08-20 07:11:13:613 0 sec: 34 operations; ∞ current ops/sec; est completion in 0 second [READ: Count=38, Max=9303, Min=107, Avg=2370.34, 90=8647, 99=9303, 99.9=9303, 99.99=9303] [READ-MODIFY-WRITE: Count=190, Max=28543, Min=179, Avg=1679.91, 90=1701, 99=27599, 99.9=28543, 99.99=28543] [UPDATE: Count=342, Max=3399, Min=62, Avg=313.4, 90=564, 99=1821, 99.9=3399, 99.99=3399] 
2026-08-20 07:11:15:411 1 sec: 100000 operations; 53860.99 current ops/sec; [READ: Count=99962, Max=9639, Min=26, Avg=88.83, 90=117, 99=249, 99.9=2169, 99.99=3925] [READ-MODIFY-WRITE: Count=49706, Max=9839, Min=56, Avg=178.65, 90=231, 99=587, 99.9=2957, 99.99=5375] [CLEANUP: Count=8, Max=636, Min=58, Avg=150.62, 90=143, 99=636, 99.9=636, 99.99=636] [UPDATE: Count=49554, Max=5295, Min=24, Avg=87.39, 90=122, 99=267, 99.9=2301, 99.99=4419] 
[OVERALL], RunTime(ms), 1856
[OVERALL], Throughput(ops/sec), 53879.31034482759
[TOTAL_GCS_G1_Young_Generation], Count, 6
[TOTAL_GC_TIME_G1_Young_Generation], Time(ms), 14
[TOTAL_GC_TIME_%_G1_Young_Generation], Time(%), 0.7543103448275862
[TOTAL_GCS_G1_Concurrent_GC], Count, 0
[TOTAL_GC_TIME_G1_Concurrent_GC], Time(ms), 0
[TOTAL_GC_TIME_%_G1_Concurrent_GC], Time(%), 0.0
[TOTAL_GCS_G1_Old_Generation], Count, 0
[TOTAL_GC_TIME_G1_Old_Generation], Time(ms), 0
[TOTAL_GC_TIME_%_G1_Old_Generation], Time(%), 0.0
[TOTAL_GCs], Count, 6
[TOTAL_GC_TIME], Time(ms), 14
[TOTAL_GC_TIME_%], Time(%), 0.7543103448275862
[READ], Operations, 100000
[READ], AverageLatency(us), 89.69769
[READ], MinLatency(us), 26
[READ], MaxLatency(us), 9639
[READ], 95thPercentileLatency(us), 136
[READ], 99thPercentileLatency(us), 252
[READ], Return=OK, 100000
[READ-MODIFY-WRITE], Operations, 49896
[READ-MODIFY-WRITE], AverageLatency(us), 184.37097162097163
[READ-MODIFY-WRITE], MinLatency(us), 56
[READ-MODIFY-WRITE], MaxLatency(us), 28543
[READ-MODIFY-WRITE], 95thPercentileLatency(us), 277
[READ-MODIFY-WRITE], 99thPercentileLatency(us), 709
[CLEANUP], Operations, 8
[CLEANUP], AverageLatency(us), 150.625
[CLEANUP], MinLatency(us), 58
[CLEANUP], MaxLatency(us), 636
[CLEANUP], 95thPercentileLatency(us), 636
[CLEANUP], 99thPercentileLatency(us), 636
[UPDATE], Operations, 49896
[UPDATE], AverageLatency(us), 88.9426607343274
[UPDATE], MinLatency(us), 24
[UPDATE], MaxLatency(us), 5295
[UPDATE], 95thPercentileLatency(us), 155
[UPDATE], 99thPercentileLatency(us), 303
[UPDATE], Return=OK, 49896
