/usr/bin/java  -classpath /home/devel/Documents/cheri_workspace/sfc_bench/ycsb-redis-binding-0.17.0/conf:/home/devel/Documents/cheri_workspace/sfc_bench/ycsb-redis-binding-0.17.0/lib/commons-pool2-2.4.2.jar:/home/devel/Documents/cheri_workspace/sfc_bench/ycsb-redis-binding-0.17.0/lib/core-0.17.0.jar:/home/devel/Documents/cheri_workspace/sfc_bench/ycsb-redis-binding-0.17.0/lib/HdrHistogram-2.1.4.jar:/home/devel/Documents/cheri_workspace/sfc_bench/ycsb-redis-binding-0.17.0/lib/htrace-core4-4.1.0-incubating.jar:/home/devel/Documents/cheri_workspace/sfc_bench/ycsb-redis-binding-0.17.0/lib/jackson-core-asl-1.9.4.jar:/home/devel/Documents/cheri_workspace/sfc_bench/ycsb-redis-binding-0.17.0/lib/jackson-mapper-asl-1.9.4.jar:/home/devel/Documents/cheri_workspace/sfc_bench/ycsb-redis-binding-0.17.0/lib/jedis-2.9.0.jar:/home/devel/Documents/cheri_workspace/sfc_bench/ycsb-redis-binding-0.17.0/lib/redis-binding-0.17.0.jar site.ycsb.Client -t -db site.ycsb.db.RedisClient -s -P workloads/workloada -p redis.host=10.0.1.2 -p redis.port=6379 -p recordcount=50000 -p operationcount=100000 -threads 8
Command line: -t -db site.ycsb.db.RedisClient -s -P workloads/workloada -p redis.host=10.0.1.2 -p redis.port=6379 -p recordcount=50000 -p operationcount=100000 -threads 8
YCSB Client 0.17.0

Loading workload...
Starting test.
DBWrapper: report latency for each error is false and specific error codes to track for latency are: []
DBWrapper: report latency for each error is false and specific error codes to track for latency are: []
DBWrapper: report latency for each error is false and specific error codes to track for latency are: []
DBWrapper: report latency for each error is false and specific error codes to track for latency are: []
DBWrapper: report latency for each error is false and specific error codes to track for latency are: []
DBWrapper: report latency for each error is false and specific error codes to track for latency are: []
DBWrapper: report latency for each error is false and specific error codes to track for latency are: []
DBWrapper: report latency for each error is false and specific error codes to track for latency are: []
2026-08-20 07:11:09:067 0 sec: 531 operations; ∞ current ops/sec; est completion in 0 second [READ: Count=274, Max=9895, Min=86, Avg=535.49, 90=879, 99=5339, 99.9=9895, 99.99=9895] [UPDATE: Count=409, Max=8383, Min=75, Avg=371.92, 90=605, 99=4823, 99.9=8383, 99.99=8383] 
2026-08-20 07:11:10:297 1 sec: 100000 operations; 76691.6 current ops/sec; [READ: Count=49667, Max=4727, Min=28, Avg=87.3, 90=116, 99=242, 99.9=2573, 99.99=3193] [CLEANUP: Count=8, Max=576, Min=35, Avg=176.62, 90=283, 99=576, 99.9=576, 99.99=576] [UPDATE: Count=49650, Max=6791, Min=23, Avg=90.39, 90=121, 99=303, 99.9=2727, 99.99=3457] 
[OVERALL], RunTime(ms), 1297
[OVERALL], Throughput(ops/sec), 77101.00231303007
[TOTAL_GCS_G1_Young_Generation], Count, 4
[TOTAL_GC_TIME_G1_Young_Generation], Time(ms), 9
[TOTAL_GC_TIME_%_G1_Young_Generation], Time(%), 0.6939090208172706
[TOTAL_GCS_G1_Concurrent_GC], Count, 0
[TOTAL_GC_TIME_G1_Concurrent_GC], Time(ms), 0
[TOTAL_GC_TIME_%_G1_Concurrent_GC], Time(%), 0.0
[TOTAL_GCS_G1_Old_Generation], Count, 0
[TOTAL_GC_TIME_G1_Old_Generation], Time(ms), 0
[TOTAL_GC_TIME_%_G1_Old_Generation], Time(%), 0.0
[TOTAL_GCs], Count, 4
[TOTAL_GC_TIME], Time(ms), 9
[TOTAL_GC_TIME_%], Time(%), 0.6939090208172706
[READ], Operations, 49941
[READ], AverageLatency(us), 89.7569932520374
[READ], MinLatency(us), 28
[READ], MaxLatency(us), 9895
[READ], 95thPercentileLatency(us), 139
[READ], 99thPercentileLatency(us), 265
[READ], Return=OK, 49941
[CLEANUP], Operations, 8
[CLEANUP], AverageLatency(us), 176.625
[CLEANUP], MinLatency(us), 35
[CLEANUP], MaxLatency(us), 576
[CLEANUP], 95thPercentileLatency(us), 576
[CLEANUP], 99thPercentileLatency(us), 576
[UPDATE], Operations, 50059
[UPDATE], AverageLatency(us), 92.69002576959188
[UPDATE], MinLatency(us), 23
[UPDATE], MaxLatency(us), 8383
[UPDATE], 95thPercentileLatency(us), 156
[UPDATE], 99thPercentileLatency(us), 358
[UPDATE], Return=OK, 50059
