/usr/bin/java  -classpath /home/devel/Documents/cheri_workspace/sfc_bench/ycsb-redis-binding-0.17.0/conf:/home/devel/Documents/cheri_workspace/sfc_bench/ycsb-redis-binding-0.17.0/lib/commons-pool2-2.4.2.jar:/home/devel/Documents/cheri_workspace/sfc_bench/ycsb-redis-binding-0.17.0/lib/core-0.17.0.jar:/home/devel/Documents/cheri_workspace/sfc_bench/ycsb-redis-binding-0.17.0/lib/HdrHistogram-2.1.4.jar:/home/devel/Documents/cheri_workspace/sfc_bench/ycsb-redis-binding-0.17.0/lib/htrace-core4-4.1.0-incubating.jar:/home/devel/Documents/cheri_workspace/sfc_bench/ycsb-redis-binding-0.17.0/lib/jackson-core-asl-1.9.4.jar:/home/devel/Documents/cheri_workspace/sfc_bench/ycsb-redis-binding-0.17.0/lib/jackson-mapper-asl-1.9.4.jar:/home/devel/Documents/cheri_workspace/sfc_bench/ycsb-redis-binding-0.17.0/lib/jedis-2.9.0.jar:/home/devel/Documents/cheri_workspace/sfc_bench/ycsb-redis-binding-0.17.0/lib/redis-binding-0.17.0.jar site.ycsb.Client -t -db site.ycsb.db.RedisClient -s -P workloads/workloadb -p redis.host=10.0.1.2 -p redis.port=6379 -p recordcount=50000 -p operationcount=100000 -threads 8
Command line: -t -db site.ycsb.db.RedisClient -s -P workloads/workloadb -p redis.host=10.0.1.2 -p redis.port=6379 -p recordcount=50000 -p operationcount=100000 -threads 8
YCSB Client 0.17.0

Loading workload...
Starting test.
DBWrapper: report latency for each error is false and specific error codes to track for latency are: []
DBWrapper: report latency for each error is false and specific error codes to track for latency are: []
DBWrapper: report latency for each error is false and specific error codes to track for latency are: []
DBWrapper: report latency for each error is false and specific error codes to track for latency are: []
DBWrapper: report latency for each error is false and specific error codes to track for latency are: []
DBWrapper: report latency for each error is false and specific error codes to track for latency are: []
DBWrapper: report latency for each error is false and specific error codes to track for latency are: []
DBWrapper: report latency for each error is false and specific error codes to track for latency are: []
2026-08-20 07:17:53:829 0 sec: 40 operations; ∞ current ops/sec; est completion in 0 second [READ: Count=89, Max=9511, Min=95, Avg=1135.79, 90=2081, 99=9367, 99.9=9511, 99.99=9511] 
2026-08-20 07:17:55:286 1 sec: 100000 operations; 66198.68 current ops/sec; [READ: Count=95037, Max=9279, Min=30, Avg=108.28, 90=135, 99=292, 99.9=2127, 99.99=3757] [CLEANUP: Count=8, Max=638, Min=39, Avg=136.12, 90=90, 99=638, 99.9=638, 99.99=638] [UPDATE: Count=4874, Max=3325, Min=31, Avg=121.86, 90=149, 99=607, 99.9=2409, 99.99=3325] 
[OVERALL], RunTime(ms), 1510
[OVERALL], Throughput(ops/sec), 66225.16556291391
[TOTAL_GCS_G1_Young_Generation], Count, 5
[TOTAL_GC_TIME_G1_Young_Generation], Time(ms), 9
[TOTAL_GC_TIME_%_G1_Young_Generation], Time(%), 0.5960264900662252
[TOTAL_GCS_G1_Concurrent_GC], Count, 0
[TOTAL_GC_TIME_G1_Concurrent_GC], Time(ms), 0
[TOTAL_GC_TIME_%_G1_Concurrent_GC], Time(%), 0.0
[TOTAL_GCS_G1_Old_Generation], Count, 0
[TOTAL_GC_TIME_G1_Old_Generation], Time(ms), 0
[TOTAL_GC_TIME_%_G1_Old_Generation], Time(%), 0.0
[TOTAL_GCs], Count, 5
[TOTAL_GC_TIME], Time(ms), 9
[TOTAL_GC_TIME_%], Time(%), 0.5960264900662252
[READ], Operations, 95126
[READ], AverageLatency(us), 109.24532725017346
[READ], MinLatency(us), 30
[READ], MaxLatency(us), 9511
[READ], 95thPercentileLatency(us), 155
[READ], 99thPercentileLatency(us), 305
[READ], Return=OK, 95126
[CLEANUP], Operations, 8
[CLEANUP], AverageLatency(us), 136.125
[CLEANUP], MinLatency(us), 39
[CLEANUP], MaxLatency(us), 638
[CLEANUP], 95thPercentileLatency(us), 638
[CLEANUP], 99thPercentileLatency(us), 638
[UPDATE], Operations, 4874
[UPDATE], AverageLatency(us), 121.86274107509233
[UPDATE], MinLatency(us), 31
[UPDATE], MaxLatency(us), 3325
[UPDATE], 95thPercentileLatency(us), 211
[UPDATE], 99thPercentileLatency(us), 607
[UPDATE], Return=OK, 4874
