/usr/bin/java  -classpath /home/devel/Documents/cheri_workspace/sfc_bench/ycsb-redis-binding-0.17.0/conf:/home/devel/Documents/cheri_workspace/sfc_bench/ycsb-redis-binding-0.17.0/lib/commons-pool2-2.4.2.jar:/home/devel/Documents/cheri_workspace/sfc_bench/ycsb-redis-binding-0.17.0/lib/core-0.17.0.jar:/home/devel/Documents/cheri_workspace/sfc_bench/ycsb-redis-binding-0.17.0/lib/HdrHistogram-2.1.4.jar:/home/devel/Documents/cheri_workspace/sfc_bench/ycsb-redis-binding-0.17.0/lib/htrace-core4-4.1.0-incubating.jar:/home/devel/Documents/cheri_workspace/sfc_bench/ycsb-redis-binding-0.17.0/lib/jackson-core-asl-1.9.4.jar:/home/devel/Documents/cheri_workspace/sfc_bench/ycsb-redis-binding-0.17.0/lib/jackson-mapper-asl-1.9.4.jar:/home/devel/Documents/cheri_workspace/sfc_bench/ycsb-redis-binding-0.17.0/lib/jedis-2.9.0.jar:/home/devel/Documents/cheri_workspace/sfc_bench/ycsb-redis-binding-0.17.0/lib/redis-binding-0.17.0.jar site.ycsb.Client -t -db site.ycsb.db.RedisClient -s -P workloads/workloadf -p redis.host=10.0.1.2 -p redis.port=6379 -p recordcount=50000 -p operationcount=100000 -threads 8
Command line: -t -db site.ycsb.db.RedisClient -s -P workloads/workloadf -p redis.host=10.0.1.2 -p redis.port=6379 -p recordcount=50000 -p operationcount=100000 -threads 8
YCSB Client 0.17.0

Loading workload...
Starting test.
DBWrapper: report latency for each error is false and specific error codes to track for latency are: []
DBWrapper: report latency for each error is false and specific error codes to track for latency are: []
DBWrapper: report latency for each error is false and specific error codes to track for latency are: []
DBWrapper: report latency for each error is false and specific error codes to track for latency are: []
DBWrapper: report latency for each error is false and specific error codes to track for latency are: []
DBWrapper: report latency for each error is false and specific error codes to track for latency are: []
DBWrapper: report latency for each error is false and specific error codes to track for latency are: []
DBWrapper: report latency for each error is false and specific error codes to track for latency are: []
2026-08-20 07:17:58:022 0 sec: 0 operations; est completion in 0 second 
2026-08-20 07:18:00:061 2 sec: 100000 operations; 48007.68 current ops/sec; [READ: Count=100000, Max=12071, Min=28, Avg=100.32, 90=142, 99=262, 99.9=1103, 99.99=5979] [READ-MODIFY-WRITE: Count=49821, Max=28399, Min=61, Avg=199.2, 90=272, 99=617, 99.9=2341, 99.99=7071] [CLEANUP: Count=8, Max=636, Min=37, Avg=142.88, 90=103, 99=636, 99.9=636, 99.99=636] [UPDATE: Count=49821, Max=5599, Min=27, Avg=94.74, 90=139, 99=296, 99.9=1402, 99.99=3033] 
[OVERALL], RunTime(ms), 2083
[OVERALL], Throughput(ops/sec), 48007.68122899664
[TOTAL_GCS_G1_Young_Generation], Count, 5
[TOTAL_GC_TIME_G1_Young_Generation], Time(ms), 15
[TOTAL_GC_TIME_%_G1_Young_Generation], Time(%), 0.7201152184349496
[TOTAL_GCS_G1_Concurrent_GC], Count, 0
[TOTAL_GC_TIME_G1_Concurrent_GC], Time(ms), 0
[TOTAL_GC_TIME_%_G1_Concurrent_GC], Time(%), 0.0
[TOTAL_GCS_G1_Old_Generation], Count, 0
[TOTAL_GC_TIME_G1_Old_Generation], Time(ms), 0
[TOTAL_GC_TIME_%_G1_Old_Generation], Time(%), 0.0
[TOTAL_GCs], Count, 5
[TOTAL_GC_TIME], Time(ms), 15
[TOTAL_GC_TIME_%], Time(%), 0.7201152184349496
[READ], Operations, 100000
[READ], AverageLatency(us), 100.32457
[READ], MinLatency(us), 28
[READ], MaxLatency(us), 12071
[READ], 95thPercentileLatency(us), 163
[READ], 99thPercentileLatency(us), 262
[READ], Return=OK, 100000
[READ-MODIFY-WRITE], Operations, 49821
[READ-MODIFY-WRITE], AverageLatency(us), 199.19642319503825
[READ-MODIFY-WRITE], MinLatency(us), 61
[READ-MODIFY-WRITE], MaxLatency(us), 28399
[READ-MODIFY-WRITE], 95thPercentileLatency(us), 320
[READ-MODIFY-WRITE], 99thPercentileLatency(us), 617
[CLEANUP], Operations, 8
[CLEANUP], AverageLatency(us), 142.875
[CLEANUP], MinLatency(us), 37
[CLEANUP], MaxLatency(us), 636
[CLEANUP], 95thPercentileLatency(us), 636
[CLEANUP], 99thPercentileLatency(us), 636
[UPDATE], Operations, 49821
[UPDATE], AverageLatency(us), 94.73547299331607
[UPDATE], MinLatency(us), 27
[UPDATE], MaxLatency(us), 5599
[UPDATE], 95thPercentileLatency(us), 165
[UPDATE], 99thPercentileLatency(us), 296
[UPDATE], Return=OK, 49821
